// Jest Snapshot v1, https://goo.gl/fbAQLP

exports[`Matches snapshot 1`] = `
<div>
  <h2>
    Welcome to React components
  </h2>
</div>
`;
